app/add-medication.tsx(11,39): error TS2307: Cannot find module '@react-native-community/datetimepicker' or its corresponding type declarations.
app/add-medication.tsx(32,9): error TS2322: Type '{ hour: number; minute: number; repeats: true; }' is not assignable to type 'NotificationTriggerInput'.
  Property 'type' is missing in type '{ hour: number; minute: number; repeats: true; }' but required in type 'CalendarTriggerInput'.
app/add-routine.tsx(87,21): error TS2322: Type '{ hour: number; minute: number; repeats: true; }' is not assignable to type 'NotificationTriggerInput'.
  Property 'type' is missing in type '{ hour: number; minute: number; repeats: true; }' but required in type 'CalendarTriggerInput'.
app/pet/[id].tsx(228,42): error TS2339: Property 'documentDirectory' does not exist on type 'typeof import("C:/Users/Raymond/.gemini/antigravity/scratch/Pet-Health-Journal/node_modules/expo-file-system/build/index")'.
db/PetRepository.ts(3,30): error TS7016: Could not find a declaration file for module 'uuid'. 'C:/Users/Raymond/.gemini/antigravity/scratch/Pet-Health-Journal/node_modules/uuid/dist/index.js' implicitly has an 'any' type.
  Try `npm i --save-dev @types/uuid` if it exists or add a new declaration (.d.ts) file containing `declare module 'uuid';`
db/PetRepository.ts(12,13): error TS2353: Object literal may only specify known properties, and 'created_at' does not exist in type 'Pet'.
db/PetRepository.ts(23,24): error TS2339: Property 'birth_date' does not exist on type 'Pet'.
db/PetRepository.ts(24,24): error TS2339: Property 'chip_number' does not exist on type 'Pet'.
db/PetRepository.ts(26,24): error TS2339: Property 'created_at' does not exist on type 'Pet'.
db/WeightRepository.ts(2,10): error TS2305: Module '"../types"' has no exported member 'Weight'.
db/WeightRepository.ts(3,30): error TS7016: Could not find a declaration file for module 'uuid'. 'C:/Users/Raymond/.gemini/antigravity/scratch/Pet-Health-Journal/node_modules/uuid/dist/index.js' implicitly has an 'any' type.
  Try `npm i --save-dev @types/uuid` if it exists or add a new declaration (.d.ts) file containing `declare module 'uuid';`
index.ts(3,17): error TS1261: Already included file name 'C:/Users/Raymond/.gemini/antigravity/scratch/Pet-Health-Journal/App/index.tsx' differs from file name 'C:/Users/Raymond/.gemini/antigravity/scratch/Pet-Health-Journal/app/index.tsx' only in casing.
  The file is in the program because:
    Imported via './App' from file 'C:/Users/Raymond/.gemini/antigravity/scratch/Pet-Health-Journal/index.ts'
    Matched by default include pattern '**/*'
lib/notifications.ts(5,41): error TS2322: Type 'Promise<{ shouldShowAlert: true; shouldPlaySound: true; shouldSetBadge: false; }>' is not assignable to type 'Promise<NotificationBehavior>'.
  Type '{ shouldShowAlert: true; shouldPlaySound: true; shouldSetBadge: false; }' is missing the following properties from type 'NotificationBehavior': shouldShowBanner, shouldShowList
lib/notifications.ts(28,9): error TS2322: Type 'Date' is not assignable to type 'NotificationTriggerInput'.
